// Jest Snapshot v1, https://goo.gl/fbAQLP

exports[`renders SortControl component correctly 1`] = `
<DocumentFragment>
  <div
    class="sort"
  >
    <label
      class="sort-by__label"
      for="sort-by"
    >
      Sort By:
    </label>
    <div
      class="select"
    >
      <select
        class="sort-by"
        data-testid="sort-select"
        id="sort-by"
      >
        <option
          value="release-date"
        >
          Release Date
        </option>
        <option
          value="title"
        >
          Title
        </option>
      </select>
    </div>
  </div>
</DocumentFragment>
`;
