// Jest Snapshot v1, https://goo.gl/fbAQLP

exports[`renders MovieTile component correctly 1`] = `
<DocumentFragment>
  <div
    class="poster"
  >
    <img
      alt="Tomb Raider"
      class="poster__img"
      src="https://image.tmdb.org/t/p/w500/ePyN2nX9t8SOl70eRW47Q29zUFO.jpg"
    />
    <div
      class="poster__header"
    >
      <h3
        class="poster__title"
      >
        Tomb Raider
      </h3>
      <p
        class="poster__release-date"
      >
        2021
      </p>
    </div>
  </div>
  <p
    class="poster__genres"
  >
    Action, Adventure, Fantasy
  </p>
</DocumentFragment>
`;
